fractional-width-110.99-ctr [('Agjp', 14.08)] paint [(13.999998, 13.999998)]
fractional-width-110.99-r [('Agjp', 14.08)] paint [(13.999998, 13.999998)]
fractional-width-111.01-ctr [('Agjp', 13.92)] paint [(13.999998, 13.999998)]
fractional-width-111.01-r [('Agjp', 13.92)] paint [(13.999998, 13.999998)]
multiline-trailing-space-insets-0-0-ctr [('Agjp', 14.0), ('BBBB', 31.04)] paint [(13.999998, 13.999998)]
multiline-trailing-space-insets-0-0-r [('Agjp', 14.0), ('BBBB', 31.04)] paint [(13.999998, 13.999998)]
multiline-trailing-space-insets-7.2-3.6-ctr [('Agjp', 14.08), ('BBBB', 30.88)] paint [(13.999998, 13.999998)]
multiline-trailing-space-insets-7.2-3.6-r [('Agjp', 14.08), ('BBBB', 30.88)] paint [(13.999998, 13.999998)]
wrap-prefix111-width-110.99-ctr [('BBBBBBBBBBB', 12.96), ('BZ', 29.04)] paint [(13.999998, 13.999998)]
wrap-prefix111-width-110.99-r [('BBBBBBBBBBB', 12.96), ('BZ', 29.04)] paint [(13.999998, 13.999998)]
wrap-prefix111-width-111.01-ctr [('BBBBBBBBBBBB', 13.04), ('Z', 28.88)] paint [(13.999998, 13.999998)]
wrap-prefix111-width-111.01-r [('BBBBBBBBBBBB', 13.04), ('Z', 28.88)] paint [(13.999998, 13.999998)]
kern-14.6-scaled20x72p5-ctr [('AVATARToTo', 14.08)] paint [(15.0, 15.0)]
kern-14.6-scaled20x72p5-r [('AVATARToTo', 14.08)] paint [(15.0, 15.0)]
kern-15.1-scaled20x72p5-ctr [('AVATARToTo', 13.92)] paint [(15.0, 15.0)]
kern-15.1-scaled20x72p5-r [('AVATARToTo', 13.92)] paint [(15.0, 15.0)]
actual-bold-fractional-width-ctr [('Agjp', 14.0)] paint [(13.999998, 13.999998)]
actual-bold-fractional-width-r [('Agjp', 14.0)] paint [(13.999998, 13.999998)]
actual-serif-fractional-width-ctr [('Agjp', 14.08)] paint [(13.999998, 13.999998)]
actual-serif-fractional-width-r [('Agjp', 14.08)] paint [(13.999998, 13.999998)]
table-stored-scale100-ctr [('Agjp', 13.92)] paint [(13.999998, 13.999998)]
table-stored-scale100-r [('Agjp', 13.92)] paint [(13.999998, 13.999998)]
table-stored-scale50-ctr [('Agjp', 14.0)] paint [(13.999998, 13.999998)]
table-stored-scale50-r [('Agjp', 14.0)] paint [(13.999998, 13.999998)]
2 extra bytes in post.stringData array
2 extra bytes in post.stringData array
2 extra bytes in post.stringData array
2 extra bytes in post.stringData array
