Building for debugging...
[Pre-planning 1 / 272]
[Planning deferred tasks]
[1 / 1]
[11 / 37] LecternCore
[13 / 39] LecternCore
[15 / 41] LecternCore
[24 / 40] LecternCoreTests-product
[27 / 41] LecternCore-product
[30 / 42] CompositionRegression-product
[32 / 61] LecternCoreTests-product
[33 / 61] LecternCoreTests-product
[34 / 61] LecternCoreTests-product
macro expansion #expect:1:53: warning: no calls to throwing functions occur within 'try' expression [#UnnecessaryEffectMarker]
`- /Users/welshofer/Developer/rostrum/Lectern/Tests/LecternCoreTests/TemplateGenerationTests.swift:110:74: note: expanded code originates here
108 |         #expect(output.sections.map(\.name) == ["Generated section"])
109 |         #expect(output.slides.map(\.notesText) == content().slides.map { $0.notes! })
110 |         #expect(try output.slides.allSatisfy { try $0.comments.isEmpty })
    |         `- note: in expansion of macro 'expect' here
    +--- macro expansion #expect ---------------------------------------
    |1 | Testing.__checkValue(try output.slides.allSatisfy { try $0.comments.isEmpty },expression: .__fromSyntaxNode("try output.slides.allSatisfy { try $0.comments.isEmpty }"),comments: [],isRequired: false,sourceLocation: Testing.SourceLocation.__here()).__expected()
    |  |                                                     `- warning: no calls to throwing functions occur within 'try' expression [#UnnecessaryEffectMarker]
    +-------------------------------------------------------------------
111 |         #expect(result.droppedContent.isEmpty)
112 |         #expect(result.schemaIssues.isEmpty)

[#UnnecessaryEffectMarker]: <https://docs.swift.org/compiler/documentation/diagnostics/unnecessary-effect-marker>
[36 / 60] LecternCoreTests-product
[41 / 60] LecternCoreTests-product
/Users/welshofer/Developer/rostrum/Lectern/Tests/LecternCoreTests/DeckInspectionDetailTests.swift:102:13: warning: result of call to 'withDeckFile(_:named:_:)' is unused [#NoUsage]
100 | 
101 |     @Test func rejectsEmptyAndNonPowerPointData() throws {
102 |         try withDeckFile(Data(), named: "empty.pptx") { url in
    |             `- warning: result of call to 'withDeckFile(_:named:_:)' is unused [#NoUsage]
103 |             #expect(throws: DeckInspectionError.self) {
104 |                 _ = try DeckInspector.inspect(deckAt: url)

/Users/welshofer/Developer/rostrum/Lectern/Tests/LecternCoreTests/DeckInspectionDetailTests.swift:107:13: warning: result of call to 'withDeckFile(_:named:_:)' is unused [#NoUsage]
105 |             }
106 |         }
107 |         try withDeckFile(Data("not a zip".utf8), named: "not-a-deck.pptx") { url in
    |             `- warning: result of call to 'withDeckFile(_:named:_:)' is unused [#NoUsage]
108 |             #expect(throws: DeckInspectionError.self) {
109 |                 _ = try DeckInspector.inspect(deckAt: url)

/Users/welshofer/Developer/rostrum/Lectern/Tests/LecternCoreTests/DeckInspectionDetailTests.swift:117:13: warning: result of call to 'withDeckFile(_:named:_:)' is unused [#NoUsage]
115 |     /// container, so it must not inherit Rostrum's unlimited default.
116 |     @Test func enforcesTheUntrustedFileReadBudget() throws {
117 |         try withDeckFile(try deckData()) { url in
    |             `- warning: result of call to 'withDeckFile(_:named:_:)' is unused [#NoUsage]
118 |             #expect(throws: DeckInspectionError.self) {
119 |                 _ = try DeckInspector.inspect(deckAt: url,

[#NoUsage]: <https://docs.swift.org/compiler/documentation/diagnostics/no-usage>
[42 / 60] LecternCoreTests-product
[43 / 60] LecternCoreTests-product
[44 / 60] LecternCoreTests-product
[45 / 60] LecternCoreTests-product
[47 / 60] LecternCoreTests-product
[48 / 60] LecternCoreTests-product
[49 / 60] LecternCoreTests-product
[50 / 60] LecternCoreTests-product
[51 / 60] LecternCoreTests-product
[52 / 60] LecternCoreTests-product
[53 / 60] LecternCoreTests-product
[55 / 60] CompositionRegression-product
[59 / 63] LecternCoreTests-product
Build complete! (12.94 sec)
􀟈  Test run started.
􀄵  Testing Library Version: 2084
􀄵  Target Platform: arm64e-apple-macos14.0
􀟈  Suite PreparedDeckCopyTests started.
􀟈  Test repeatedRunsAndEvenForcedDestinationCollisionNeverReplaceExistingDecks() started.
􀟈  Test discardAndCopyFailureLeaveNoListedOrTemporaryDecks() started.
􀟈  Test unsafeAndLongTitlesStayInsideTheLibraryAndVisible() started.
􀟈  Test preparedCopyIsHiddenThenListedAndReopensWithExactBytes() started.
􁁛  Test unsafeAndLongTitlesStayInsideTheLibraryAndVisible() passed after 0.013 seconds.
􁁛  Test discardAndCopyFailureLeaveNoListedOrTemporaryDecks() passed after 0.014 seconds.
􁁛  Test repeatedRunsAndEvenForcedDestinationCollisionNeverReplaceExistingDecks() passed after 0.016 seconds.
􁁛  Test preparedCopyIsHiddenThenListedAndReopensWithExactBytes() passed after 0.026 seconds.
􁁛  Suite PreparedDeckCopyTests passed after 0.026 seconds.
􁁛  Test run with 4 tests in 1 suite passed after 0.026 seconds.
