Building for debugging...
[Planning deferred tasks]
[17 / 46] LecternCore
[18 / 46] LecternCore
[20 / 48] LecternCore
[22 / 50] LecternCore
[30 / 50] Lectern
[33 / 69] Lectern
[35 / 69] Lectern
[37 / 72] Lectern
[41 / 72] Lectern
/private/tmp/lectern-credential-persistence-headless-20261004/Sources/Lectern/AppState.swift:775:85: warning: 'weak' ownership of capture 'self' differs from implicitly-captured strong reference in outer scope [#ImplicitStrongCapture]
 735 |         let unreadableImageKey = Self.isUnreadable(imageKeyRead)
 736 | 
 737 |         task = Task {
     |                     |- note: 'self' implicitly strongly captured here
     |                     `- note: add 'self' as a capture list item to silence
 738 |             do {
 739 |                 guard !unreadableKey else { throw LecternError.keyUnreadable }
     :
 773 |                 var result = try await DeckGenerator(provider: provider, imageProvider: imageProvider, imageStyle: imageStyle, useSmartArt: smartArt)
 774 |                     .generate(request, designURL: designURL, into: directory,
 775 |                               diagnostics: diagnostics, template: template) { [weak self] event in
     |                                                                                     |- warning: 'weak' ownership of capture 'self' differs from implicitly-captured strong reference in outer scope [#ImplicitStrongCapture]
     |                                                                                     `- note: explicitly assign the capture list item to silence
 776 |                         Task { @MainActor in self?.apply(event, run: run) }
 777 |                     }

[#ImplicitStrongCapture]: <https://docs.swift.org/compiler/documentation/diagnostics/implicit-strong-capture>
[44 / 72] Lectern
[45 / 72] Lectern
[47 / 72] Lectern
[48 / 72] Lectern
[50 / 72] Lectern
[51 / 72] Lectern
[52 / 72] Lectern
[53 / 72] Lectern
[54 / 72] CredentialTests-product
[61 / 73]
[62 / 73] CredentialTests-product
[65 / 79] CredentialTests-product
[67 / 79] CredentialTests-product
[73 / 79] AllIncludingTests
[73 / 79] CredentialTests-product
[75 / 79] CredentialTests-product
Build complete! (8.97 sec)
Test Suite 'All tests' started at 2026-10-04 20:56:49.874.
Test Suite 'All tests' passed at 2026-10-04 20:56:49.875.
	 Executed 0 tests, with 0 failures (0 unexpected) in 0.000 (0.001) seconds
􀟈  Test run started.
􀄵  Testing Library Version: 2084
􀄵  Target Platform: arm64e-apple-macos14.0
􀟈  Suite LibraryLabPersistenceAppTests started.
􀟈  Suite KeychainStoreTests started.
􀟈  Suite CredentialStateTests started.
􀟈  Test saveFailurePreservesTheCompletedInspectableResult() started.
􀟈  Test failedUpdatePreservesOldValueAndOriginalStatus(_:) started.
􀟈  Test duplicateAddRaceRetriesUpdateOnceWithoutDeleting() started.
􀟈  Test returnedTaskCancellationDoesNotPersistAnUnacceptedResult() started.
􀟈  Test completedAppRunsPersistListAndReopenAfterNewAppState() started.
􀟈  Test cancellationOrReplacementDuringCopyCannotPublishARetiredDeck(replace:) started.
􀟈  Test failedRaceRetryRetainsOtherWritersItemAndDoesNotLoop() started.
􀟈  Test onlyNotFoundMeansMissingAndSuccessfulReadUsesReturnedBytes() started.
􀟈  Test deleteFailurePreservesItemAndNotFoundIsIdempotent() started.
􀟈  Test failedAddIsReportedWithoutAnyDelete() started.
􀟈  Test batchFailuresDoNotPreventOtherResultsFromBeingSaved() started.
􀟈  Test completedDeckWithFailedChecksIsStillSavedAndKeepsItsFindings() started.
􀟈  Test malformedSuccessReportsDecodeFailureRatherThanSuccessfulOSStatus() started.
􀟈  Test duplicateGenerateDoesNotInterruptAnActiveRun() started.
􀟈  Test dedicatedTestHostIsIsolatedWithoutSchemeEnvironment() started.
􀟈  Test onlyExplicitMissingReadIsClassifiedAsAbsent() started.
􀟈  Test presenceDistinguishesAbsenceFromFailedQueriesWithoutRequestingSecretData() started.
􀟈  Test unavailableReadRetainsStatusWithoutAnExistenceProbe(_:) started.
􀟈  Test isolatedSessionRejectsAllCredentialActionsAndGeneration() started.
􀟈  Test isolatedSessionCannotReadInjectedCredentialsForLiveRequests() started.
􀟈  Test failedReplacementAndRemovalKeepKnownStoredKeys() started.
􀟈  Test unavailablePresenceDoesNotBecomeMissingAndCanBeRetried() started.
􀟈  Test case passing 1 argument status → -25293 to failedUpdatePreservesOldValueAndOriginalStatus(_:) started.
􀟈  Test missingItemAddsWithDeviceUnlockProtectionAndImageAccountNamespace() started.
􀟈  Test case passing 1 argument status → -128 to failedUpdatePreservesOldValueAndOriginalStatus(_:) started.
􀟈  Test replacementUpdatesOnlyDataWithoutDeletingExistingAccessControl() started.
􀟈  Test case passing 1 argument replace → true to cancellationOrReplacementDuringCopyCannotPublishARetiredDeck(replace:) started.
􀟈  Test runAllPersistsEveryCompletedCatalogDeck() started.
􀟈  Test successfulWritesAndRemovalsKeepProviderNamespacesSeparate() started.
􀟈  Test case passing 1 argument status → -25308 to failedUpdatePreservesOldValueAndOriginalStatus(_:) started.
􀟈  Test case passing 1 argument replace → false to cancellationOrReplacementDuringCopyCannotPublishARetiredDeck(replace:) started.
􀟈  Test case passing 1 argument status → -25291 to failedUpdatePreservesOldValueAndOriginalStatus(_:) started.
􀟈  Test case passing 1 argument status → -25293 to unavailableReadRetainsStatusWithoutAnExistenceProbe(_:) started.
􀟈  Test case passing 1 argument status → -128 to unavailableReadRetainsStatusWithoutAnExistenceProbe(_:) started.
􀟈  Test case passing 1 argument status → -25291 to unavailableReadRetainsStatusWithoutAnExistenceProbe(_:) started.
􀟈  Test case passing 1 argument status → -25308 to unavailableReadRetainsStatusWithoutAnExistenceProbe(_:) started.
􁁛  Test duplicateAddRaceRetriesUpdateOnceWithoutDeleting() passed after 0.001 seconds.
􁁛  Test presenceDistinguishesAbsenceFromFailedQueriesWithoutRequestingSecretData() passed after 0.001 seconds.
􁁛  Test replacementUpdatesOnlyDataWithoutDeletingExistingAccessControl() passed after 0.001 seconds.
􁁛  Test missingItemAddsWithDeviceUnlockProtectionAndImageAccountNamespace() passed after 0.001 seconds.
􁁛  Test onlyNotFoundMeansMissingAndSuccessfulReadUsesReturnedBytes() passed after 0.001 seconds.
􁁛  Test failedAddIsReportedWithoutAnyDelete() passed after 0.001 seconds.
􁁛  Test failedRaceRetryRetainsOtherWritersItemAndDoesNotLoop() passed after 0.001 seconds.
􁁛  Test failedUpdatePreservesOldValueAndOriginalStatus(_:) with 4 test cases passed after 0.001 seconds.
􁁛  Test deleteFailurePreservesItemAndNotFoundIsIdempotent() passed after 0.001 seconds.
􁁛  Test unavailableReadRetainsStatusWithoutAnExistenceProbe(_:) with 4 test cases passed after 0.001 seconds.
􁁛  Test malformedSuccessReportsDecodeFailureRatherThanSuccessfulOSStatus() passed after 0.001 seconds.
􁁛  Suite KeychainStoreTests passed after 0.001 seconds.
􁁛  Test isolatedSessionCannotReadInjectedCredentialsForLiveRequests() passed after 2.242 seconds.
􁁛  Test isolatedSessionRejectsAllCredentialActionsAndGeneration() passed after 2.244 seconds.
􁁛  Test onlyExplicitMissingReadIsClassifiedAsAbsent() passed after 2.255 seconds.
􁁛  Test duplicateGenerateDoesNotInterruptAnActiveRun() passed after 2.255 seconds.
􁁛  Test dedicatedTestHostIsIsolatedWithoutSchemeEnvironment() passed after 2.255 seconds.
􁁛  Test failedReplacementAndRemovalKeepKnownStoredKeys() passed after 2.255 seconds.
􁁛  Test unavailablePresenceDoesNotBecomeMissingAndCanBeRetried() passed after 2.255 seconds.
􁁛  Test successfulWritesAndRemovalsKeepProviderNamespacesSeparate() passed after 2.255 seconds.
􁁛  Suite CredentialStateTests passed after 2.256 seconds.
􁁛  Test completedDeckWithFailedChecksIsStillSavedAndKeepsItsFindings() passed after 2.258 seconds.
􁁛  Test returnedTaskCancellationDoesNotPersistAnUnacceptedResult() passed after 2.260 seconds.
􁁛  Test cancellationOrReplacementDuringCopyCannotPublishARetiredDeck(replace:) with 2 test cases passed after 3.147 seconds.
􁁛  Test saveFailurePreservesTheCompletedInspectableResult() passed after 3.842 seconds.
􁁛  Test batchFailuresDoNotPreventOtherResultsFromBeingSaved() passed after 3.877 seconds.
􁁛  Test completedAppRunsPersistListAndReopenAfterNewAppState() passed after 5.171 seconds.
􁁛  Test runAllPersistsEveryCompletedCatalogDeck() passed after 65.645 seconds.
􁁛  Suite LibraryLabPersistenceAppTests passed after 65.645 seconds.
􁁛  Test run with 26 tests in 3 suites passed after 65.645 seconds.
